// Jest Snapshot v1, https://goo.gl/fbAQLP

exports[`Testing GifItem should match the snapshot 1`] = `
<div>
  <div
    class="card"
  >
    <img
      alt=""
      src="https://th.bing.com/th/id/OIP.lvR5nni7xdPCxU-tC6tzzgHaHa?pid=ImgDet&rs=1"
    />
    <p>
      Este es el t√≠tulo
    </p>
  </div>
</div>
`;
